rows=394  pops={'L': 57, 'S': 119, 'H': 218}  subjects=107

====================================================================================
MEAN component logit
====================================================================================
pop      n         I         T         Z        dT        dZ     dT-dZ   p(T vs Z)
L       57   -18.281   -18.074   -18.274     0.148    -0.591     0.050    3.93e-01
S      119    16.244    -2.638    -3.983   -19.870   -20.340    -0.075    1.21e-01
H      218   -18.426   -18.933   -20.459    -0.159    -1.524     0.787    6.92e-20

====================================================================================
MEDIAN component logit
====================================================================================
pop      n         I         T         Z        dT        dZ     dT-dZ   p(T vs Z)
L       57   -18.156   -17.771   -18.331     0.518    -0.455     0.160    4.39e-01
S      119    18.804    -2.809    -3.639   -22.188   -23.357    -0.628    5.14e-01
H      218   -18.424   -18.856   -20.465    -0.125    -1.583     1.005    4.76e-24

====================================================================================
dz = median(comp) - median(shell)
====================================================================================
pop      n         I         T         Z        dT        dZ     dT-dZ   p(T vs Z)
L       57     6.448     6.347     5.290     0.400    -0.974     1.076    1.39e-02
S      119    48.979    25.651    22.095   -23.947   -25.615     0.486    9.32e-02
H      218     0.361     0.341     0.064    -0.034    -0.251     0.176    1.31e-13

====================================================================================
DECISIVE: L components (n=57), MEAN component logit
====================================================================================
  median dT =  +0.1484    mean dT =  +1.6580
  median dZ =  -0.5906    mean dZ =  +0.2633
  n(dT>0)   =  31/57      n(dZ>0) =  22/57
  n(T>Z)    =  29/57      n(Z>T)  =  28/57
  Wilcoxon T vs Z: p = 3.930e-01

  CROSSINGS (component mean logit z<0 -> z>0):
    intact->T      5/57 negative components crossed
    intact->Z      1/57 negative components crossed
    (reference: E186.1 pool-arm P2 gave 1/58)

  RATIO R = dT/dZ  (unstable when dZ ~ 0; paired diffs are primary):
    n=57 with |dZ|>0.05, median R = +0.790

====================================================================================
PREREGISTERED VERDICT
====================================================================================
  median dT = +0.1484   median dZ = -0.5906   p=3.930e-01

  ==> H1 RELIEF -- zeroing explains it. KILL operator branch.
