rows=440  pops={'L': 74, 'S': 146, 'H': 220}  subjects=108

============================================================================================
MEDIAN INTACT LOGIT by population (context for "materially large")
============================================================================================
  L: median z_intact =  -17.369   n=74
  S: median z_intact =   14.875   n=146
  H: median z_intact =  -18.374   n=220

============================================================================================
1+2. DIRECTION & DOSE-RESPONSE: median dz(alpha) by population
============================================================================================
   alpha           L           S           H
   -0.50      0.1638     -1.9915      0.0034
   -0.25      0.0938     -0.9636      0.0209
   -0.10      0.0395     -0.3799      0.0123
   +0.10     -0.0397      0.3662     -0.0134
   +0.25     -0.0975      0.8747     -0.0363
   +0.50     -0.1794      1.5979     -0.0890

  Monotonicity check (L): is median dz_L(alpha) non-decreasing in alpha?
    [np.float64(0.1638193130493164), np.float64(0.09380626678466797), np.float64(0.03945636749267578), np.float64(-0.039679527282714844), np.float64(-0.09746456146240234), np.float64(-0.17937850952148438)]
    monotonic: False

============================================================================================
3. SPECIFICITY at alpha=+0.25 (primary) and alpha=+0.50 (secondary)
============================================================================================

  alpha = +0.25
    dz_L: median=-0.0975  mean=+0.1280  n(dz>0)=30/74
    dz_S: median=+0.8747  mean=+0.8862  n(dz>0)=142/146
    dz_H: median=-0.0363  mean=-0.0624  n(dz>0)=62/220
    Mann-Whitney L vs S: p=1.392e-17   L vs H: p=5.613e-01

  alpha = +0.50
    dz_L: median=-0.1794  mean=+0.2331  n(dz>0)=30/74
    dz_S: median=+1.5979  mean=+1.6553  n(dz>0)=141/146
    dz_H: median=-0.0890  mean=-0.1451  n(dz>0)=51/220
    Mann-Whitney L vs S: p=3.719e-17   L vs H: p=8.502e-01

============================================================================================
PERMUTATION CONTROL at alpha=+0.25 (subject-preserving, 200 iters)
============================================================================================
  observed median(dz_L) - median(dz_S) = -0.9722   perm p = 0.0000

============================================================================================
4. CROSSINGS: L components with z_intact<0 that cross z>0 at ANY alpha
============================================================================================
  0/74 negative L components crossed at some alpha
  (reference: E186.1 pool-arm P2 gave 1/58; E189 translation gave 5/57)

============================================================================================
VERDICT LADDER
============================================================================================
  best positive-alpha median dz_L = -0.0397  (at alpha=+0.10)
  as fraction of |median z_intact_L| (-17.37): -0.0023  (-0.23%)

  ==> dz_L ~ 0 despite E191 existence signal -> K is DIAGNOSTIC, NOT LOAD-BEARING. KILL.
