reference 0.8595193  target 0.8695193
fixed TTA tau: ET=0.0177 TC=0.0004 WT=0.9

============================================================================================
1. INDIVIDUAL CHECKPOINTS (all with TTA)
============================================================================================
  tta        tau=0.5 0.860131 | LOSO 0.865258 (+0.574 pp)  tau median [0.0173, 0.0004, 0.9]
  tta_e25    tau=0.5 0.821577 | LOSO 0.837576 (-2.194 pp)  tau median [0.0003, 0.0001, 0.0]
  tta_e30    tau=0.5 0.858462 | LOSO 0.862775 (+0.326 pp)  tau median [0.0591, 0.001, 0.0076]
  tta_e35    tau=0.5 0.862699 | LOSO 0.868012 (+0.849 pp)  tau median [0.0076, 0.001, 0.0076]

============================================================================================
2-4. LOGIT-AVERAGED ENSEMBLES
============================================================================================
members                         tau=0.5  fixed TTA tau   LOSO tau    vs ref
  best+e25                     0.847092       0.857254   0.862708    +0.319
  best+e30                     0.862298       0.865303   0.866306    +0.679
  best+e35                     0.863768       0.867389   0.868620    +0.910
  e25+e30                      0.839681       0.848666   0.859453    -0.007
  e25+e35                      0.843215       0.853400   0.861836    +0.232
  e30+e35                      0.861489       0.862307   0.867032    +0.751
  best+e25+e30                 0.856160       0.858786   0.863333    +0.381
  best+e25+e35                 0.857185       0.860518   0.865385    +0.587
