reference 0.8595193  target 0.8695193
fixed TTA tau: ET=0.0177 TC=0.0004 WT=0.9

============================================================================================
1. INDIVIDUAL CHECKPOINTS (all with TTA)
============================================================================================
  tta        tau=0.5 0.860131 | LOSO 0.865192 (+0.567 pp)  tau median [0.0177, 0.0004, 0.9]
  tta_e30    tau=0.5 0.858462 | LOSO 0.862866 (+0.335 pp)  tau median [0.0645, 0.001, 0.0093]
  tta_e35    tau=0.5 0.862699 | LOSO 0.868321 (+0.880 pp)  tau median [0.0093, 0.001, 0.0093]

============================================================================================
2-4. LOGIT-AVERAGED ENSEMBLES
============================================================================================
members                         tau=0.5  fixed TTA tau   LOSO tau    vs ref
  best+e30                     0.862298       0.865305   0.866251    +0.673
  best+e35                     0.863768       0.867433   0.868784    +0.926
  e30+e35                      0.861489       0.862307   0.867271    +0.775
  best+e30+e35                 0.863081       0.865365   0.867211    +0.769

  BEST: best+e35  LOSO 0.8687836  (+0.9264 pp vs reference)
    per-region: ET 0.827892 TC 0.860727 WT 0.917732
    tau median: ET 0.0128 [0.0128,0.0244], TC 0.0001 [0.0001,0.0004], WT 0.2500 [0.2000,0.3000]

  vs single best checkpoint (both LOSO): +0.3591 pp  95% CI [+0.0498, +0.7080]  improved 60/125

  TARGET CHECK: 0.8687836 vs 0.8695193  -> short by 0.074 pp

wrote CKPT_ensemble.json
