  25/125 (102s)
  50/125 (191s)
  75/125 (271s)
  100/125 (345s)
  125/125 (431s)

n=125  tail=15  bulk=110

============================================================================================
GATE 1 -- bias-only logit offset (db>0 = easier to detect)
============================================================================================
    db     3-reg  delta_pp       ET       TC       WT    tail3    bulk3  recET  recTC     FPx
   0.0  0.859519     0.000   0.8188   0.8478   0.9119   0.4124   0.9205      0      0    1.00
   1.0  0.860138     0.062   0.8213   0.8503   0.9088   0.4152   0.9208      9      1    1.16
   2.0  0.859958     0.044   0.8225   0.8515   0.9059   0.4170   0.9204     16      2    1.29
   4.0  0.858763    -0.076   0.8234   0.8533   0.8996   0.4210   0.9185     22      4    1.55
   6.0  0.856132    -0.339   0.8225   0.8541   0.8918   0.4243   0.9150     28      4    1.83
   8.0  0.851749    -0.777   0.8195   0.8539   0.8818   0.4263   0.9098     36      7    2.17
  10.0  0.844813    -1.471   0.8147   0.8523   0.8674   0.4279   0.9017     44     13    2.63
  12.0  0.766159    -9.336   0.8065   0.8087   0.6833   0.3902   0.8174     52     22    8.41
  14.0  0.523872   -33.565   0.7903   0.6686   0.1127   0.2308   0.5638     74     35  180.39
  16.0  0.344153   -51.537   0.6840   0.2672   0.0812   0.1279   0.3736    107     42  265.61
  20.0  0.030072   -82.945   0.0125   0.0216   0.0561   0.0237   0.0309    168     54  401.94

  FPx = WT false-positive volume relative to db=0
wrote GATE1_bias_sweep.csv
