rows=474  populations={'L': 85, 'S': 152, 'H': 237}  subjects=107

========================================================================================
GATE 1 -- IDENTITY: is lesion info linearly encoded in the channel-mean vector?
========================================================================================
stage        L vs H      L vs S      S vs H
E1           0.9409      0.8873      0.9999
E2           0.9698      0.9358      1.0000
E3           0.9988      0.8580      1.0000
B            0.9893      0.7013      1.0000
D3           0.9825      0.9328      1.0000
D2           0.9621      0.9504      0.9999
D1           0.9874      1.0000      1.0000

========================================================================================
GATE 2/3 -- LOCALIZATION (SCR, >1 = lesion-focused) and DIFFUSION (entropy)
========================================================================================

  spatial concentration ratio @top10%
  stage                 L               S               H     L-S gap
  E1               2.7271          3.7600          0.7071     -1.0328
  E2               1.3852          2.9606          0.9627     -1.5754
  E3               0.9933          2.1958          0.5643     -1.2026
  B                0.3100          1.7567          0.4340     -1.4467
  D3               0.3787          1.7988          0.6542     -1.4200
  D2               0.1361          1.2762          0.6746     -1.1401
  D1               0.3281          2.7056          0.2932     -2.3775

  normalised spatial entropy
  stage                 L               S               H     L-S gap
  E1               0.6219          0.5273          0.5701      0.0946
  E2               0.7031          0.5864          0.8948      0.1167
  E3               0.2980          0.2446          0.8098      0.0534
  B                0.6377          0.4626          0.8321      0.1752
  D3               0.3913          0.2061          0.8260      0.1852
  D2               0.8783          0.8124          0.9597      0.0658
  D1               0.5732          0.4245          0.9458      0.1487

  mean response inside C
  stage                 L               S               H     L-S gap
  E1               4.0229          5.8252          3.1646     -1.8022
  E2               6.3876         10.1288          4.2942     -3.7413
  E3              12.2305         24.4536          4.7621    -12.2230
  B                7.7986         11.1352          7.0544     -3.3366
  D3              21.2334         31.9654         12.3302    -10.7320
  D2               4.5045          5.7004          4.7748     -1.1958
  D1              15.0577         25.2349          8.8042    -10.1772

========================================================================================
GATE 3 -- RETENTION: ||v_L - v_H|| and ||v_L - v_S||, normalised to E1
========================================================================================
  stage        D(L,H)      D(L,S)      D(S,H)   D(L,H)/E1   D(L,S)/E1
  E1            2.108       2.289       4.187       1.000       1.000
  E2            3.837       4.580       7.764       1.820       2.001
  E3            6.975      12.155      18.249       3.309       5.309
  B             4.912       4.336       8.530       2.330       1.894
  D3           14.158      15.990      24.492       6.716       6.985
  D2            2.260       4.229       5.202       1.072       1.847
  D1           10.248      19.500      23.864       4.862       8.518

========================================================================================
GATE 4 -- ACCESSIBILITY: POINTWISE 1x1x1 linear probe, strict subject LOSO
========================================================================================
  (probe fit on OTHER subjects only; recovers mask from channels at that voxel)
  stage     L: vox AUC   L: Dice   S: vox AUC   S: Dice
  E1            0.7132    0.1795       0.9756    0.8822
  E2            0.7359    0.3257       0.9795    0.8987
  E3            0.7028    0.3027       0.9752    0.9045
  B             0.5191    0.2635       0.9489    0.8703
  D3            0.6162    0.2547       0.9759    0.9067
  D2            0.7357    0.2662       0.9780    0.8926
  D1            0.6231    0.1252       0.9866    0.9225

  REFERENCE: the real seg head achieves Dice 0.0 on L by definition
             (L = components with ZERO predicted overlap).

wrote E185_results.json
