rows=4000  subjects=108
INTEGRITY  max|dmean|=9.54e-07  max|dstd|=9.54e-07   (must be ~1e-6; permutation preserves the multiset)
paired units: {'L': 58, 'S': 121, 'H': 221}

====================================================================================
ARM = pool  <<< PRIMARY
====================================================================================
pop      n    dz(P0)         dP1         dP2         dP3     p(P2)
L       58     6.339       0.000       0.967      -4.872  2.03e-08
S      121    49.005       0.000      -0.068     -38.715  7.99e-01
H      221     0.405       0.000       0.010      -0.100  7.53e-01

  specificity (Mann-Whitney on the paired effect, L vs other):
    P1  L(+0.000, n=58) vs S(+0.000, n=121)   p=nan
    P1  L(+0.000, n=58) vs H(+0.000, n=221)   p=nan
    P2  L(+0.967, n=58) vs S(-0.068, n=121)   p=3.04e-06
    P2  L(+0.967, n=58) vs H(+0.010, n=221)   p=1.39e-14
    P3  L(-4.872, n=58) vs S(-38.715, n=121)   p=6.27e-25
    P3  L(-4.872, n=58) vs H(-0.100, n=221)   p=1.85e-14

  L monotone damage P1>=P2>=P3?  False   (+0.000 +0.967 -4.872)

====================================================================================
ARM = skip
====================================================================================
pop      n    dz(P0)         dP1         dP2         dP3     p(P2)
L       58     6.339      -0.166      -1.258      -0.789  8.97e-03
S      121    49.005      -2.285     -11.801     -18.754  1.53e-21
H      221     0.405      -0.003      -0.019      -0.031  1.47e-04

  specificity (Mann-Whitney on the paired effect, L vs other):
    P1  L(-0.166, n=58) vs S(-2.285, n=121)   p=4.24e-21
    P1  L(-0.166, n=58) vs H(-0.003, n=221)   p=2.23e-02
    P2  L(-1.258, n=58) vs S(-11.801, n=121)   p=3.63e-25
    P2  L(-1.258, n=58) vs H(-0.019, n=221)   p=7.21e-08
    P3  L(-0.789, n=58) vs S(-18.754, n=121)   p=8.10e-25
    P3  L(-0.789, n=58) vs H(-0.031, n=221)   p=2.08e-02

  L monotone damage P1>=P2>=P3?  False   (-0.166 -1.258 -0.789)

====================================================================================
ARM = both
====================================================================================
pop      n    dz(P0)         dP1         dP2         dP3     p(P2)
L       58     6.339      -0.166      -0.433      -5.526  8.56e-01
S      121    49.005      -2.285     -15.352     -49.334  3.22e-21
H      221     0.405      -0.003      -0.014      -0.151  3.46e-02

  specificity (Mann-Whitney on the paired effect, L vs other):
    P1  L(-0.166, n=58) vs S(-2.285, n=121)   p=4.24e-21
    P1  L(-0.166, n=58) vs H(-0.003, n=221)   p=2.23e-02
    P2  L(-0.433, n=58) vs S(-15.352, n=121)   p=1.69e-24
    P2  L(-0.433, n=58) vs H(-0.014, n=221)   p=1.41e-01
    P3  L(-5.526, n=58) vs S(-49.334, n=121)   p=1.57e-25
    P3  L(-5.526, n=58) vs H(-0.151, n=221)   p=2.04e-14

  L monotone damage P1>=P2>=P3?  True   (-0.166 -0.433 -5.526)

====================================================================================
PREREGISTERED VERDICT (primary arm = pool)
====================================================================================
  K1 no causal effect on L       : passed   (median +0.967, n=58)
  K2 effect not lesion-specific  : passed   (p_LS=3.04e-06, p_LH=1.39e-14)

  ==> SURVIVES to E186.2
