125 subjects loaded from cache

============================================================================================
SYSTEM 1: raw z threshold
============================================================================================
  mean ET Dice = 0.6591
  (production reference threshold on sigmoid(z): 0.0177, i.e. z>~ -4.02)

============================================================================================
SYSTEM 2: s_h alone
============================================================================================
  mean ET Dice = 0.4632

============================================================================================
SYSTEM 3: z + alpha*s_h  (alpha fit on train, threshold on the combo)
============================================================================================
  alpha=0.0   mean ET Dice = 0.4675
  alpha=0.25  mean ET Dice = 0.4658
  alpha=0.5   mean ET Dice = 0.4657
  alpha=1.0   mean ET Dice = 0.4644
  alpha=2.0   mean ET Dice = 0.4671
  alpha=4.0   mean ET Dice = 0.4658
  best alpha = 0.0

============================================================================================
SYSTEM 4: gated substitution -- z where s_h<tau_gate, s_h where s_h>=tau_gate
============================================================================================
  tau_gate=  -0.077  mean ET Dice = 0.4249
  tau_gate=   0.216  mean ET Dice = 0.4249
  tau_gate=   0.439  mean ET Dice = 0.4249
  tau_gate=   0.890  mean ET Dice = 0.4250
  tau_gate=   2.062  mean ET Dice = 0.4284
  tau_gate=   9.176  mean ET Dice = 0.4622

============================================================================================
COMPONENT-LEVEL TAIL ANALYSIS (best system per family)
============================================================================================
  tail subjects (>=1 missed ET component under z>0): 46/125

============================================================================================
SUMMARY TABLE
============================================================================================
System                           Mean ET Dice
z (raw logit)                          0.6591
s_h alone                              0.4632
z + alpha*s_h (best)                   0.6591
gated substitution (best)              0.6764

============================================================================================
TAIL vs BULK (z-only baseline, for context)
============================================================================================
  tail (n=46): mean Dice = 0.5434
  bulk (n=79): mean Dice = 0.7264

============================================================================================
VERDICT
============================================================================================
  baseline z Dice = 0.6591
  best alternative: gated = 0.6764  (delta = +0.0174)

  METHODOLOGICAL NOTE: this is discovery/validation evidence on the SAME
  125-subject population E204-E214 were built on, NOT a held-out test.
  A positive result here licenses freezing the construction and testing
  on genuinely unseen subjects -- it does not itself constitute that test.

  ==> MODEST SIGNAL (+1.74pp) -- real but small; worth a held-out check, temper expectations before investing further.
