subjects=125  tail(>=1 missed ET comp)=46  total missed comps=168

====================================================================================================
THRESHOLD z > 0.0
====================================================================================================
arm          alpha  Dice all    dDice         p  Dice tail    dTail      recov   FPcomp
none                  0.8188                        0.6878               0/168       26
oracle        0.50    0.8229  +0.408p  1.11e-04     0.6989  +1.108p     36/168       26
oracle        1.00    0.8265  +0.766p  1.56e-03     0.7087  +2.082p     71/168       52
deploy_unc    0.50    0.8185  -0.031p  8.61e-03     0.6885  +0.067p      2/168       25
deploy_unc    1.00    0.8183  -0.052p  1.25e-02     0.6888  +0.094p      4/168       26
deploy_sh     0.50    0.8295  +1.067p  1.41e-04     0.7071  +1.922p     24/168       43
deploy_sh     1.00    0.8149  -0.396p  9.49e-01     0.6968  +0.895p     34/168      210
random        0.50    0.8188  -0.000p  3.98e-01     0.6879  +0.000p      0/168       26
random        1.00    0.8188  -0.003p  1.69e-01     0.6878  -0.005p      0/168       29

====================================================================================================
THRESHOLD z > -4.02
====================================================================================================
arm          alpha  Dice all    dDice         p  Dice tail    dTail      recov   FPcomp
none                  0.8231                        0.6924              18/168       34
oracle        0.50    0.8282  +0.513p  8.05e-03     0.7064  +1.394p     51/168       45
oracle        1.00    0.8329  +0.979p  6.19e-02     0.7190  +2.662p     87/168       74
deploy_unc    0.50    0.8223  -0.079p  1.44e-01     0.6924  -0.003p     22/168       34
deploy_unc    1.00    0.8219  -0.117p  1.98e-01     0.6923  -0.011p     23/168       38
deploy_sh     0.50    0.8301  +0.698p  7.95e-01     0.7087  +1.628p     36/168       96
deploy_sh     1.00    0.8072  -1.593p  5.44e-04     0.6922  -0.024p     50/168      362
random        0.50    0.8231  -0.001p  1.16e-01     0.6924  -0.001p     18/168       34
random        1.00    0.8231  -0.007p  5.05e-02     0.6923  -0.013p     18/168       39

====================================================================================================
ORACLE GAP  (oracle dDice minus best GT-free dDice; pp, all subjects / tail)
====================================================================================================
  z>0.0    alpha=0.5  oracle +0.408pp (rec 36/168)  best GT-free [deploy_sh] +1.067pp (rec 24/168)  random -0.000pp  ->  GAP -0.659pp all, -0.813pp tail
  z>0.0    alpha=1.0  oracle +0.766pp (rec 71/168)  best GT-free [deploy_unc] -0.052pp (rec 4/168)  random -0.003pp  ->  GAP +0.818pp all, +1.988pp tail
  z>-4.02  alpha=0.5  oracle +0.513pp (rec 51/168)  best GT-free [deploy_sh] +0.698pp (rec 36/168)  random -0.001pp  ->  GAP -0.185pp all, -0.234pp tail
  z>-4.02  alpha=1.0  oracle +0.979pp (rec 87/168)  best GT-free [deploy_unc] -0.117pp (rec 23/168)  random -0.007pp  ->  GAP +1.097pp all, +2.672pp tail
