subjects=125 configs=13 thresholds=[-6.0, -4.02, -2.0, 0.0, 2.0]

============================================================================================
PRIMARY (mean-of-3 objective) -- 200 subject-level split-halves, test-half Delta (pp)
============================================================================================
  mean3  mean +0.639  95%int [-0.121, +1.293]  frac>0 0.925
  ET     mean +0.699  95%int [+0.046, +1.559]  frac>0 0.980
  TC     mean +1.396  95%int [-0.561, +2.958]  frac>0 0.905
  WT     mean -0.178  95%int [-0.524, +0.117]  frac>0 0.225
  chosen configs: [((0.5, 99.5), 82), ((0.25, 98.0), 65), ((0.25, 99.5), 41), ((0.25, 99.0), 9)]

  PRIMARY VERDICT: FAIL

============================================================================================
SECONDARY (ET-only objective) -- 200 subject-level split-halves, test-half Delta (pp)
============================================================================================
  mean3  mean +0.588  95%int [-1.696, +1.434]  frac>0 0.870
  ET     mean +0.680  95%int [-0.869, +1.559]  frac>0 0.915
  TC     mean +1.501  95%int [-1.821, +3.295]  frac>0 0.855
  WT     mean -0.416  95%int [-2.768, +0.100]  frac>0 0.105
  chosen configs: [((0.5, 99.5), 133), ((0.5, 99.0), 19), ((0.25, 98.0), 14), ((0.25, 99.5), 12)]
============================================================================================
FIXED E216 CONFIG (alpha=0.5, top-1% s_h): Delta vs none by region x threshold (pp)
============================================================================================
  thresh                    ET                    TC                    WT
    -6.0      +0.490 (p=1.5e-01)      +0.026 (p=9.2e-03)      -1.879 (p=3.2e-17)
   -4.02      +0.698 (p=7.9e-01)      +0.541 (p=2.7e-01)      -1.648 (p=3.0e-16)
    -2.0      +0.901 (p=3.8e-02)      +1.095 (p=9.3e-01)      -1.378 (p=3.3e-15)
     0.0      +1.067 (p=1.4e-04)      +1.648 (p=5.4e-02)      -1.078 (p=2.8e-12)
     2.0      +1.241 (p=4.5e-08)      +2.286 (p=1.5e-04)      -0.723 (p=8.7e-08)

============================================================================================
ET GAIN DECOMPOSITION, fixed config (alpha=0.5, p99), summed over subjects
============================================================================================
  z>0.0: dTP=+35927 (in missed comps +1315, in detected/other GT +34612)  dFP=+33926  dFN=-35927  recovered 0->24 of 168  FPcomp 26->43
  z>-4.02: dTP=+34401 (in missed comps +1842, in detected/other GT +32559)  dFP=+46305  dFN=-34401  recovered 18->36 of 168  FPcomp 34->96
