Fitting R1-B (seed=999, identical to E257-B)...
R1-B fit (178s)
Fitting R1-B-seed2 (seed=4242, same features/hyperparameters)...
R1-B-seed2 fit (337s)

Selecting Delta_C thresholds on 23 VAL subjects (per field)...
VAL thresholds: prod=-inf r1b=0.3807 r1b2=0.3685 (528s)

Evaluating 4 branches on 158 TEST subjects...
  20/158 (779s)
  40/158 (1032s)
  60/158 (1337s)
  80/158 (1545s)
  100/158 (1788s)
  120/158 (2087s)
  140/158 (2333s)

Computing lesion-level recovery per branch/population...

=== E266 TEST results ===
A_prod_delta: {'g2a_recovery': 0.0, 'det_recovery': 0.96875, 'g2b_recovery': 0.9642857142857143, 'et_dice_mean': 0.7587405921434403, 'et_hd95_median': 1.5731321849709863, 'fp_total': 270430, 'fp_wt_not_tc': 73499, 'fp_distant_bg': 1640}
B_r1b_nofilter: {'g2a_recovery': 0.5833333333333334, 'det_recovery': 1.0, 'g2b_recovery': 0.9910714285714286, 'et_dice_mean': 0.7669063110269045, 'et_hd95_median': 3.0, 'fp_total': 540231, 'fp_wt_not_tc': 229501, 'fp_distant_bg': 45638}
C_r1b_delta: {'g2a_recovery': 0.5833333333333334, 'det_recovery': 1.0, 'g2b_recovery': 0.9910714285714286, 'et_dice_mean': 0.7729650341389084, 'et_hd95_median': 2.342778860141484, 'fp_total': 518658, 'fp_wt_not_tc': 215576, 'fp_distant_bg': 35139}
D_r1b2_delta: {'g2a_recovery': 0.5833333333333334, 'det_recovery': 1.0, 'g2b_recovery': 0.9910714285714286, 'et_dice_mean': 0.7768260512367159, 'et_hd95_median': 2.23606797749979, 'fp_total': 501290, 'fp_wt_not_tc': 202402, 'fp_distant_bg': 31430}

Delta_readout analysis across 4 populations (logit space, not probability, to avoid E263-style saturation confound)...

=== Delta_readout summary ===
recovered_G2A: n=356 mean=15.3598 median=15.4694 std=1.9706
detected_ET: n=14457 mean=-8.1922 median=-10.3262 std=12.8997
WT_not_TC_FP: n=229501 mean=6.8772 median=8.2599 std=10.5508
distant_bg_FP: n=45638 mean=15.7086 median=16.4271 std=4.9783

E266 complete (2642s). wrote E266_results.csv, E266_delta_readout.csv
